// Jest Snapshot v1, https://goo.gl/fbAQLP

exports[`JobItem should render correctly 1`] = `
<div
  title="Job Item: job"
>
  <div>
    Jobs: 
    job
  </div>
  <div>
    Start: 
    start
  </div>
  <div>
    End: 
    end
  </div>
  <div>
    Contact: 
    contactName
  </div>
</div>
`;
